exports[`ListPlaceholder has correct default options 1`] = `
<div
  className="grommetux-box grommetux-box--direction-column grommetux-box--justify-center grommetux-box--align-center grommetux-box--responsive grommetux-box--pad-horizontal-medium grommetux-box--pad-vertical-large grommetux-box--pad-between-medium"
  id={undefined}
  onClick={undefined}
  role={undefined}
  style={Object {}}
  tabIndex={undefined}>
  <svg
    aria-label="Spinning"
    className="grommetux-icon-spinning grommetux-icon-spinning--responsive"
    role="img"
    version="1.1"
    viewBox="0 0 48 48">
    <circle
      cx="24"
      cy="24"
      fill="none"
      r="21"
      stroke="#979797"
      strokeWidth="6" />
  </svg>
</div>
`;
